[INFO] Scanning for projects...
[INFO] 
[INFO] -------------------< com.foodsave:foodsave-backend >--------------------
[INFO] Building foodsave-backend 1.0.0
[INFO]   from pom.xml
[INFO] --------------------------------[ jar ]---------------------------------
[INFO] 
[INFO] --- resources:3.3.1:resources (default-resources) @ foodsave-backend ---
[INFO] Copying 1 resource from src/main/resources to target/classes
[INFO] Copying 0 resource from src/main/resources to target/classes
[INFO] 
[INFO] --- compiler:3.11.0:compile (default-compile) @ foodsave-backend ---
[INFO] Changes detected - recompiling the module! :source
[INFO] Compiling 45 source files with javac [debug release 17] to target/classes
[INFO] -------------------------------------------------------------
[WARNING] COMPILATION WARNING : 
[INFO] -------------------------------------------------------------
[WARNING] /Applications/development/admin_foodsave/Foodsave_app_backend/src/main/java/com/foodsave/backend/entity/Order.java:[48,25] @Builder will ignore the initializing expression entirely. If you want the initializing expression to serve as default, add @Builder.Default. If it is not supposed to be settable during building, make the field final.
[WARNING] /Applications/development/admin_foodsave/Foodsave_app_backend/src/main/java/com/foodsave/backend/entity/Order.java:[52,27] @Builder will ignore the initializing expression entirely. If you want the initializing expression to serve as default, add @Builder.Default. If it is not supposed to be settable during building, make the field final.
[WARNING] /Applications/development/admin_foodsave/Foodsave_app_backend/src/main/java/com/foodsave/backend/dto/AuthResponse.java:[15,20] @Builder will ignore the initializing expression entirely. If you want the initializing expression to serve as default, add @Builder.Default. If it is not supposed to be settable during building, make the field final.
[WARNING] /Applications/development/admin_foodsave/Foodsave_app_backend/src/main/java/com/foodsave/backend/entity/Product.java:[50,27] @Builder will ignore the initializing expression entirely. If you want the initializing expression to serve as default, add @Builder.Default. If it is not supposed to be settable during building, make the field final.
[WARNING] /Applications/development/admin_foodsave/Foodsave_app_backend/src/main/java/com/foodsave/backend/entity/User.java:[45,18] @Builder will ignore the initializing expression entirely. If you want the initializing expression to serve as default, add @Builder.Default. If it is not supposed to be settable during building, make the field final.
[WARNING] /Applications/development/admin_foodsave/Foodsave_app_backend/src/main/java/com/foodsave/backend/entity/User.java:[48,21] @Builder will ignore the initializing expression entirely. If you want the initializing expression to serve as default, add @Builder.Default. If it is not supposed to be settable during building, make the field final.
[WARNING] /Applications/development/admin_foodsave/Foodsave_app_backend/src/main/java/com/foodsave/backend/dto/RegisterRequest.java:[34,23] @Builder will ignore the initializing expression entirely. If you want the initializing expression to serve as default, add @Builder.Default. If it is not supposed to be settable during building, make the field final.
[WARNING] /Applications/development/admin_foodsave/Foodsave_app_backend/src/main/java/com/foodsave/backend/entity/Store.java:[48,21] @Builder will ignore the initializing expression entirely. If you want the initializing expression to serve as default, add @Builder.Default. If it is not supposed to be settable during building, make the field final.
[INFO] 8 warnings 
[INFO] -------------------------------------------------------------
[INFO] -------------------------------------------------------------
[ERROR] COMPILATION ERROR : 
[INFO] -------------------------------------------------------------
[ERROR] /Applications/development/admin_foodsave/Foodsave_app_backend/src/main/java/com/foodsave/backend/service/OrderService.java:[149,53] cannot find symbol
  symbol:   class OrderStatus
  location: class com.foodsave.backend.service.OrderService
[ERROR] /Applications/development/admin_foodsave/Foodsave_app_backend/src/main/java/com/foodsave/backend/controller/OrderController.java:[4,35] cannot find symbol
  symbol:   class OrderStatus
  location: package com.foodsave.backend.entity
[ERROR] /Applications/development/admin_foodsave/Foodsave_app_backend/src/main/java/com/foodsave/backend/controller/OrderController.java:[85,72] cannot find symbol
  symbol:   class OrderStatus
  location: class com.foodsave.backend.controller.OrderController
[INFO] 3 errors 
[INFO] -------------------------------------------------------------
[INFO] ------------------------------------------------------------------------
[INFO] BUILD FAILURE
[INFO] ------------------------------------------------------------------------
[INFO] Total time:  2.143 s
[INFO] Finished at: 2025-05-31T18:20:43+05:00
[INFO] ------------------------------------------------------------------------
[ERROR] Failed to execute goal org.apache.maven.plugins:maven-compiler-plugin:3.11.0:compile (default-compile) on project foodsave-backend: Compilation failure: Compilation failure: 
[ERROR] /Applications/development/admin_foodsave/Foodsave_app_backend/src/main/java/com/foodsave/backend/service/OrderService.java:[149,53] cannot find symbol
[ERROR]   symbol:   class OrderStatus
[ERROR]   location: class com.foodsave.backend.service.OrderService
[ERROR] /Applications/development/admin_foodsave/Foodsave_app_backend/src/main/java/com/foodsave/backend/controller/OrderController.java:[4,35] cannot find symbol
[ERROR]   symbol:   class OrderStatus
[ERROR]   location: package com.foodsave.backend.entity
[ERROR] /Applications/development/admin_foodsave/Foodsave_app_backend/src/main/java/com/foodsave/backend/controller/OrderController.java:[85,72] cannot find symbol
[ERROR]   symbol:   class OrderStatus
[ERROR]   location: class com.foodsave.backend.controller.OrderController
[ERROR] -> [Help 1]
[ERROR] 
[ERROR] To see the full stack trace of the errors, re-run Maven with the -e switch.
[ERROR] Re-run Maven using the -X switch to enable full debug logging.
[ERROR] 
[ERROR] For more information about the errors and possible solutions, please read the following articles:
[ERROR] [Help 1] http://cwiki.apache.org/confluence/display/MAVEN/MojoFailureException
